<html>
<body>
<pre>
<h1>µVision Build Log</h1>
<h2>Tool Versions:</h2>
IDE-Version: £gVision V5.31.0.0
Copyright (C) 2020 ARM Ltd and ARM Germany GmbH. All rights reserved.
License Information: Su Yi-Syuan, fongchia, LIC=----
 
Tool Versions:
Toolchain:       MDK-Lite  Version: 5.31.0.0
Toolchain Path:  C:\Keil_v5\ARM\ARMCC\Bin
C Compiler:      Armcc.exe V5.06 update 6 (build 750)
Assembler:       Armasm.exe V5.06 update 6 (build 750)
Linker/Locator:  ArmLink.exe V5.06 update 6 (build 750)
Library Manager: ArmAr.exe V5.06 update 6 (build 750)
Hex Converter:   FromElf.exe V5.06 update 6 (build 750)
CPU DLL:         SARMCM3.DLL V5.31.0.0
Dialog DLL:      DARMCM1.DLL V1.19.3.0
Target DLL:      Nu_Link.dll V3.03
Dialog DLL:      TARMCM1.DLL V1.14.2.0
 
<h2>Project:</h2>
C:\Users\Ä¬«ÙÞ±\Desktop\1228\1227\1221 (2)\lab5 vr2\lab5 vr2\lab5 vr2\SampleCode\Nu-LB-NUC140\ADC_VR new - ½Æ»s\KEIL\Nu-LB-NUC140_TIMER_Capture.uvproj
Project File Date:  12/28/2020

<h2>Output:</h2>
*** Using Compiler 'V5.06 update 6 (build 750)', folder: 'C:\Keil_v5\ARM\ARMCC\Bin'
Build target 'TIMER_Capture'
creating preprocessor file for sys.c...
creating preprocessor file for clk.c...
creating preprocessor file for system_NUC100Series.c...
creating preprocessor file for timer.c...
creating preprocessor file for gpio.c...
compiling system_NUC100Series.c...
compiling sys.c...
compiling timer.c...
creating preprocessor file for retarget.c...
compiling clk.c...
creating preprocessor file for uart.c...
creating preprocessor file for spi.c...
creating preprocessor file for adc.c...
compiling gpio.c...
creating preprocessor file for main.c...
compiling retarget.c...
creating preprocessor file for SYS_init.c...
compiling uart.c...
compiling spi.c...
compiling adc.c...
creating preprocessor file for LCD.c...
creating preprocessor file for Seven_Segment.c...
compiling SYS_init.c...
compiling main.c...
..\main.c(214): warning:  #177-D: variable "bomb2"  was declared but never referenced
  unsigned char bomb2[2048] = {// '0637', 128x128px
..\main.c(378): warning:  #177-D: variable "j"  was declared but never referenced
  int i,j,k;
..\main.c(378): warning:  #177-D: variable "k"  was declared but never referenced
  int i,j,k;
..\main.c(746): warning:  #1-D: last line of file ends without a newline
  }
..\main.c(418): warning:  #177-D: variable "u32ADCvalue"  was declared but never referenced
  		uint32_t u32ADCvalue;
..\main.c(434): warning:  #177-D: variable "num"  was declared but never referenced
  		int num;
..\main.c: 6 warnings, 0 errors
compiling Seven_Segment.c...
compiling LCD.c...
linking...
Program Size: Code=9184 RO-data=3460 RW-data=2252 ZI-data=2116  
After Build - User command #1: fromelf --bin ".\obj\TIMER_Capture.axf" --output ".\obj\TIMER_Capture.bin"
After Build - User command #2: fromelf --text -c ".\obj\TIMER_Capture.axf" --output ".\obj\TIMER_Capture.txt"
".\obj\TIMER_Capture.axf" - 0 Error(s), 6 Warning(s).
Build Time Elapsed:  00:00:03
</pre>
</body>
</html>
